/home/grego/STM32CubeIDE/workspace/STM32L0_Wi-Fi/CMSIS/Include/core_cm0plus.h:741:22:__NVIC_EnableIRQ	16	static
/home/grego/STM32CubeIDE/workspace/STM32L0_Wi-Fi/CMSIS/Include/core_cm0plus.h:848:22:__NVIC_SetPriority	24	static
../Src/device.c:21:6:pulse1_init	8	static
../Src/device.c:69:6:CircularBuffer_Init	16	static
../Src/device.c:82:6:CircularBuffer_IsEmpty	16	static
../Src/device.c:93:6:CircularBuffer_IsFull	16	static
../Src/device.c:108:6:CircularBuffer_Push	16	static
../Src/device.c:132:6:CircularBuffer_Pop	16	static
