/home/grego/STM32CubeIDE/workspace/AirGreg_IoT_STM32/CMSIS/Include/core_cm0plus.h:741:22:__NVIC_EnableIRQ	16	static
/home/grego/STM32CubeIDE/workspace/AirGreg_IoT_STM32/CMSIS/Include/core_cm0plus.h:848:22:__NVIC_SetPriority	24	static
../Src/device.c:24:6:pulse1_init	8	static
../Src/device.c:72:6:CircularBuffer_Init	16	static
../Src/device.c:85:6:CircularBuffer_IsEmpty	16	static
../Src/device.c:96:6:CircularBuffer_IsFull	16	static
../Src/device.c:111:6:CircularBuffer_Push	16	static
../Src/device.c:135:6:CircularBuffer_Pop	16	static
