../Inc/jsmn.h:106:19:jsmn_alloc_token	32	static
../Inc/jsmn.h:124:13:jsmn_fill_token	24	static
../Inc/jsmn.h:135:12:jsmn_parse_primitive	32	static
../Inc/jsmn.h:193:12:jsmn_parse_string	40	static
../Inc/jsmn.h:268:14:jsmn_parse	64	static
../Inc/jsmn.h:459:15:jsmn_init	16	static
../Inc/json_extracter.h:50:5:extract_json_data	4456	static
../Src/main.c:116:5:main	32	static
../Src/main.c:249:13:Disable_SysTick	8	static
../Src/main.c:260:13:Resume_SysTick	8	static
../Src/main.c:294:13:initiate_testing	56	static
../Src/main.c:477:6:server_update	32	static
../Src/main.c:532:5:FSM_wifi_connection	16	static
../Src/main.c:558:5:FSM_read_time	72	static
../Src/main.c:582:5:FSM_open_connection	16	static
../Src/main.c:605:5:FSM_send_data	16	static
../Src/main.c:628:5:FSM_receive_data	200	dynamic
../Src/main.c:669:5:FSM_close_connection	16	static
../Src/main.c:692:5:FSM_power_down	16	static
