../Inc/jsmn.h:106:19:jsmn_alloc_token	2
../Inc/jsmn.h:124:13:jsmn_fill_token	1
../Inc/jsmn.h:135:12:jsmn_parse_primitive	17
../Inc/jsmn.h:193:12:jsmn_parse_string	23
../Inc/jsmn.h:268:14:jsmn_parse	52
../Inc/jsmn.h:459:15:jsmn_init	1
../Inc/json_extracter.h:50:5:extract_json_data	13
../Src/main.c:112:5:main	6
../Src/main.c:256:13:Disable_SysTick	1
../Src/main.c:267:13:Resume_SysTick	1
../Src/main.c:301:13:initiate_testing	16
../Src/main.c:473:6:server_update	5
../Src/main.c:521:5:FSM_wifi_connection	2
../Src/main.c:547:5:FSM_read_time	2
../Src/main.c:571:5:FSM_open_connection	2
../Src/main.c:594:5:FSM_send_data	2
../Src/main.c:617:5:FSM_receive_data	2
../Src/main.c:656:5:FSM_close_connection	2
../Src/main.c:679:5:FSM_power_down	2
