/home/grego/STM32CubeIDE/workspace/STM32L0_Wi-Fi/CMSIS/Include/core_cm0plus.h:741:22:__NVIC_EnableIRQ	16	static
../Src/rtc.c:32:5:rtc_init	24	static
../Src/rtc.c:133:10:_RTC_get_date	8	static
../Src/rtc.c:143:10:_RTC_get_year	8	static
../Src/rtc.c:157:10:_RTC_get_month	8	static
../Src/rtc.c:167:10:_RTC_get_second	8	static
../Src/rtc.c:177:10:_RTC_get_minute	8	static
../Src/rtc.c:187:10:_RTC_get_hour	8	static
../Src/rtc.c:199:9:_RTC_convert_bin2bcd	24	static
../Src/rtc.c:211:9:_RTC_convert_bcd2bin	16	static
../Src/rtc.c:225:13:RTC_setTime	32	static
../Src/rtc.c:248:13:RTC_setDate	32	static
../Src/rtc.c:269:13:RTC_validateTime	24	static
../Src/rtc.c:289:13:RTC_validateDate	24	static
../Src/rtc.c:306:5:RTC_set_alarm	64	static
../Src/rtc.c:418:10:RTC_get_timestamp	56	static
../Src/rtc.c:455:6:_RTC_date	24	static
../Src/rtc.c:469:6:_RTC_time	24	static
