/home/grego/STM32CubeIDE/workspace/AirGreg_IoT_STM32/CMSIS/Include/core_cm0plus.h:741:22:__NVIC_EnableIRQ	16	static
../Src/rtc.c:32:5:rtc_init	24	static
../Src/rtc.c:125:10:_RTC_get_date	8	static
../Src/rtc.c:135:10:_RTC_get_year	8	static
../Src/rtc.c:145:10:_RTC_get_month	8	static
../Src/rtc.c:155:10:_RTC_get_second	8	static
../Src/rtc.c:165:10:_RTC_get_minute	8	static
../Src/rtc.c:175:10:_RTC_get_hour	8	static
../Src/rtc.c:187:9:_RTC_convert_bin2bcd	24	static
../Src/rtc.c:199:9:_RTC_convert_bcd2bin	16	static
../Src/rtc.c:213:13:RTC_setTime	32	static
../Src/rtc.c:236:13:RTC_setDate	32	static
../Src/rtc.c:257:13:RTC_validateTime	24	static
../Src/rtc.c:277:13:RTC_validateDate	24	static
../Src/rtc.c:294:5:RTC_set_alarm	64	static
../Src/rtc.c:403:10:RTC_get_timestamp	56	static
../Src/rtc.c:441:6:_RTC_date	24	static
../Src/rtc.c:455:6:_RTC_time	24	static
